// Jest Snapshot v1, https://goo.gl/fbAQLP

exports[`AirQualityReport renders properly 1`] = `ShallowWrapper {}`;
