// Jest Snapshot v1, https://goo.gl/fbAQLP

exports[`UnitsSwitcher renders properly 1`] = `ShallowWrapper {}`;
