// Jest Snapshot v1, https://goo.gl/fbAQLP

exports[`CreateWeatherAlert renders properly 1`] = `ShallowWrapper {}`;
