// Jest Snapshot v1, https://goo.gl/fbAQLP

exports[`WeatherAlerts renders properly 1`] = `ShallowWrapper {}`;
