// Jest Snapshot v1, https://goo.gl/fbAQLP

exports[`CurrentWeather renders properly 1`] = `ShallowWrapper {}`;
