// Jest Snapshot v1, https://goo.gl/fbAQLP

exports[`CurrentWeather initialization should render correctly 1`] = `
"<div>
  <Loading />
</div>"
`;
