// Jest Snapshot v1, https://goo.gl/fbAQLP

exports[`GetWeatherAlerts initialization should render correctly 1`] = `
"<div className=\\"get-weather-alerts\\">
  <h6>
    Registered Alerts: 
    0
  </h6>
  <h6>
    Triggered Alerts: 
    0
  </h6>
</div>"
`;
