// Jest Snapshot v1, https://goo.gl/fbAQLP

exports[`UnitsSwitcher initialization should render correctly 1`] = `
ShallowWrapper {
  "length": 1,
  Symbol(enzyme.__root__): [Circular],
  Symbol(enzyme.__unrendered__): <UnitsSwitcher
    name="Chicago"
    setUnits={[MockFunction]}
    units="F"
  />,
  Symbol(enzyme.__renderer__): Object {
    "batchedUpdates": [Function],
    "getNode": [Function],
    "render": [Function],
    "simulateEvent": [Function],
    "unmount": [Function],
  },
  Symbol(enzyme.__node__): Object {
    "instance": null,
    "key": undefined,
    "nodeType": "host",
    "props": Object {
      "children": <div>
        <input
          onClick={[Function]}
          style={
            Object {
              "opacity": ".5",
            }
          }
          type="button"
          value="°C"
        />
        <input
          onClick={[Function]}
          style={
            Object {
              "opacity": "1",
            }
          }
          type="button"
          value="°F"
        />
      </div>,
      "className": "unit-switcher",
    },
    "ref": null,
    "rendered": Object {
      "instance": null,
      "key": undefined,
      "nodeType": "host",
      "props": Object {
        "children": Array [
          <input
            onClick={[Function]}
            style={
              Object {
                "opacity": ".5",
              }
            }
            type="button"
            value="°C"
          />,
          <input
            onClick={[Function]}
            style={
              Object {
                "opacity": "1",
              }
            }
            type="button"
            value="°F"
          />,
        ],
      },
      "ref": null,
      "rendered": Array [
        Object {
          "instance": null,
          "key": undefined,
          "nodeType": "host",
          "props": Object {
            "onClick": [Function],
            "style": Object {
              "opacity": ".5",
            },
            "type": "button",
            "value": "°C",
          },
          "ref": null,
          "rendered": null,
          "type": "input",
        },
        Object {
          "instance": null,
          "key": undefined,
          "nodeType": "host",
          "props": Object {
            "onClick": [Function],
            "style": Object {
              "opacity": "1",
            },
            "type": "button",
            "value": "°F",
          },
          "ref": null,
          "rendered": null,
          "type": "input",
        },
      ],
      "type": "div",
    },
    "type": "div",
  },
  Symbol(enzyme.__nodes__): Array [
    Object {
      "instance": null,
      "key": undefined,
      "nodeType": "host",
      "props": Object {
        "children": <div>
          <input
            onClick={[Function]}
            style={
              Object {
                "opacity": ".5",
              }
            }
            type="button"
            value="°C"
          />
          <input
            onClick={[Function]}
            style={
              Object {
                "opacity": "1",
              }
            }
            type="button"
            value="°F"
          />
        </div>,
        "className": "unit-switcher",
      },
      "ref": null,
      "rendered": Object {
        "instance": null,
        "key": undefined,
        "nodeType": "host",
        "props": Object {
          "children": Array [
            <input
              onClick={[Function]}
              style={
                Object {
                  "opacity": ".5",
                }
              }
              type="button"
              value="°C"
            />,
            <input
              onClick={[Function]}
              style={
                Object {
                  "opacity": "1",
                }
              }
              type="button"
              value="°F"
            />,
          ],
        },
        "ref": null,
        "rendered": Array [
          Object {
            "instance": null,
            "key": undefined,
            "nodeType": "host",
            "props": Object {
              "onClick": [Function],
              "style": Object {
                "opacity": ".5",
              },
              "type": "button",
              "value": "°C",
            },
            "ref": null,
            "rendered": null,
            "type": "input",
          },
          Object {
            "instance": null,
            "key": undefined,
            "nodeType": "host",
            "props": Object {
              "onClick": [Function],
              "style": Object {
                "opacity": "1",
              },
              "type": "button",
              "value": "°F",
            },
            "ref": null,
            "rendered": null,
            "type": "input",
          },
        ],
        "type": "div",
      },
      "type": "div",
    },
  ],
  Symbol(enzyme.__options__): Object {
    "adapter": ReactSixteenAdapter {
      "options": Object {
        "enableComponentDidUpdateOnSetState": true,
      },
    },
    "disableLifecycleMethods": true,
  },
}
`;
