// Jest Snapshot v1, https://goo.gl/fbAQLP

exports[`Loading should render correctly 1`] = `
"<h1>
  Weather and Forecast in 
  Chicago
</h1>"
`;
