// Jest Snapshot v1, https://goo.gl/fbAQLP

exports[`FiveDayForecast renders properly 1`] = `ShallowWrapper {}`;
